// Vitest Snapshot v1, https://vitest.dev/guide/snapshot.html

exports[`recursive rename tests > should rename recursively with per-directory increments 1`] = `
{
  "duration": 0,
  "rules": [
    {
      "pattern": "/**/*",
      "report": {
        "dryRun": true,
        "duration": 0,
        "files": [
          {
            "filePathOriginal": "/test-basic/basic.md",
            "filePathRenamed": "/test-basic/bla (1).md",
            "status": "renamed",
          },
          {
            "filePathOriginal": "/test-basic/camelCaseFile.md",
            "filePathRenamed": "/test-basic/bla (2).md",
            "status": "renamed",
          },
          {
            "filePathOriginal": "/test-basic/kebab-case-file.md",
            "filePathRenamed": "/test-basic/bla (3).md",
            "status": "renamed",
          },
          {
            "filePathOriginal": "/test-basic/miXedC_aseF-ile.md",
            "filePathRenamed": "/test-basic/bla (4).md",
            "status": "renamed",
          },
          {
            "filePathOriginal": "/test-basic/Sentence case file.md",
            "filePathRenamed": "/test-basic/bla (5).md",
            "status": "renamed",
          },
          {
            "filePathOriginal": "/test-basic/snake_case_file.md",
            "filePathRenamed": "/test-basic/bla (6).md",
            "status": "renamed",
          },
          {
            "filePathOriginal": "/test-frontmatter/frontmatter-1.md",
            "filePathRenamed": "/test-frontmatter/bla (1).md",
            "status": "renamed",
          },
          {
            "filePathOriginal": "/test-frontmatter/frontmatter-2.md",
            "filePathRenamed": "/test-frontmatter/bla (2).md",
            "status": "renamed",
          },
          {
            "filePathOriginal": "/test-increment/Basic (1).md",
            "filePathRenamed": "/test-increment/bla (1).md",
            "status": "renamed",
          },
          {
            "filePathOriginal": "/test-increment/rename me 1.md",
            "filePathRenamed": "/test-increment/bla (2).md",
            "status": "renamed",
          },
          {
            "filePathOriginal": "/test-increment/Basic (3).md",
            "filePathRenamed": "/test-increment/bla (3).md",
            "status": "renamed",
          },
          {
            "filePathOriginal": "/test-increment/rename me 2.md",
            "filePathRenamed": "/test-increment/bla (4).md",
            "status": "renamed",
          },
          {
            "filePathOriginal": "/test-increment/rename me 3.md",
            "filePathRenamed": "/test-increment/bla (5).md",
            "status": "renamed",
          },
          {
            "filePathOriginal": "/test-increment/rename me 4.md",
            "filePathRenamed": "/test-increment/bla (6).md",
            "status": "renamed",
          },
          {
            "filePathOriginal": "/test-increment/rename me 5.md",
            "filePathRenamed": "/test-increment/bla (7).md",
            "status": "renamed",
          },
          {
            "filePathOriginal": "/test-increment/rename me 6.md",
            "filePathRenamed": "/test-increment/bla (8).md",
            "status": "renamed",
          },
          {
            "filePathOriginal": "/test-increment/rename me 7.md",
            "filePathRenamed": "/test-increment/bla (9).md",
            "status": "renamed",
          },
          {
            "filePathOriginal": "/test-increment/Basic (10).md",
            "filePathRenamed": "/test-increment/bla (10).md",
            "status": "renamed",
          },
          {
            "filePathOriginal": "/test-increment/rename me 8.md",
            "filePathRenamed": "/test-increment/bla (11).md",
            "status": "renamed",
          },
          {
            "filePathOriginal": "/test-increment/rename me 9.md",
            "filePathRenamed": "/test-increment/bla (12).md",
            "status": "renamed",
          },
          {
            "filePathOriginal": "/test-increment/rename me 10.md",
            "filePathRenamed": "/test-increment/bla (13).md",
            "status": "renamed",
          },
        ],
      },
    },
  ],
}
`;
